// Jest Snapshot v1, https://goo.gl/fbAQLP

exports[`App should match the snapshot with all data fetched 1`] = `
<div
  className="app"
>
  <Menu
    changeArticleTheme={[Function]}
  />
  <SearchForm
    articleShown={null}
    changeArticleSwown={[Function]}
  />
  <NewsContainer
    newsArticles={null}
  />
</div>
`;

exports[`App should match the snapshot with no data fetched 1`] = `
<div
  className="app loading"
>
  <LoadingImage />
</div>
`;
